../Core/Src/main.c:152:5:main	120	static
../Core/Src/main.c:317:6:SystemClock_Config	96	static
../Core/Src/main.c:367:13:MX_SPI1_Init	8	static
../Core/Src/main.c:407:13:MX_TIM1_Init	40	static
../Core/Src/main.c:454:13:MX_TIM3_Init	64	static
../Core/Src/main.c:513:13:MX_GPIO_Init	48	static
../Core/Src/main.c:574:6:SPI_write	16	static
../Core/Src/main.c:583:6:GLCD_data_write	16	static
../Core/Src/main.c:590:6:GLCD_command_write	16	static
../Core/Src/main.c:597:6:GLCD_init	8	static
../Core/Src/main.c:612:6:GLCD_setCursor	16	static
../Core/Src/main.c:617:6:GLCD_clear	16	static
../Core/Src/main.c:625:6:GLCD_putchar	24	static
../Core/Src/main.c:633:6:HAL_GPIO_EXTI_Callback	24	static
../Core/Src/main.c:725:15:keypad_decode	16	static
../Core/Src/main.c:802:6:GLCD_puts	16	static
../Core/Src/main.c:817:6:display_speed	24	static
../Core/Src/main.c:825:6:display_distance	24	static
../Core/Src/main.c:832:6:display_distance_ft	24	static
../Core/Src/main.c:839:6:display_distance_in	24	static
../Core/Src/main.c:852:6:Error_Handler	4	static,ignoring_inline_asm
